// Jest Snapshot v1, https://goo.gl/fbAQLP

exports[`Footer Snapshot Comprobar la UI del componente FOoter 1`] = `
<div
  className="Footer"
>
  <p
    className="Footer-title"
  >
    Platzi Storee
  </p>
  <p
    className="Footer-copy"
  >
    Todos los Izquierdos Reservados
  </p>
</div>
`;
